Inference for Stan model: anon_model_fac6813376a3120496fe0e86883b0ef3.
4 chains, each with iter=10000; warmup=5000; thin=1; 
post-warmup draws per chain=5000, total post-warmup draws=20000.

             mean se_mean     sd   2.5%    25%    50%    75%  97.5%  n_eff   Rhat
DM[0]       31.38  1.2e-3   0.07  31.25  31.33  31.38  31.42  31.51 3425.0    1.0
DM[1]       29.14  9.4e-4   0.05  29.03   29.1  29.14  29.17  29.24 3236.0    1.0
DM[2]       31.69  1.1e-3   0.09  31.53  31.63  31.69  31.75  31.86 6248.0    1.0
DM[3]       32.38  1.4e-3   0.13  32.15   32.3  32.38  32.46  32.65 7783.0    1.0
DM[4]       32.59  1.3e-3    0.1   32.4  32.52  32.59  32.65   32.8 6079.0    1.0
DM[5]       32.14  9.6e-4   0.06  32.02   32.1  32.14  32.18  32.25 3755.0    1.0
DM[6]       31.97  9.5e-4   0.05  31.87  31.93  31.96   32.0  32.07 2901.0    1.0
DM[7]       31.36  9.2e-4   0.05  31.25  31.32  31.36  31.39  31.46 3502.0    1.0
DM[8]       32.99  1.3e-3   0.08  32.82  32.93  32.98  33.04  33.16 4466.0    1.0
DM[9]       31.77  9.6e-4   0.08  31.61  31.71  31.77  31.82  31.93 7029.0    1.0
DM[10]      31.84  9.1e-4   0.05  31.73  31.81  31.84  31.88  31.95 3668.0    1.0
DM[11]      31.63  1.1e-3   0.08  31.47  31.58  31.63  31.69   31.8 5695.0    1.0
DM[12]      30.94  9.5e-4   0.06  30.82   30.9  30.94  30.98  31.06 4231.0    1.0
DM[13]      31.65  1.0e-3   0.07  31.52   31.6  31.65  31.69  31.78 3934.0    1.0
DM[14]      31.73    0.06   1.32   30.8  31.16  31.41  31.76  36.99  475.0   1.01
DM[15]      31.43  1.5e-3   0.14  31.19  31.33  31.42  31.51  31.71 7840.0    1.0
DM[16]      31.62  1.2e-3    0.1  31.44  31.56  31.62  31.68  31.82 6783.0    1.0
DM[17]      32.64  1.3e-3   0.11  32.43  32.56  32.64  32.72  32.88 8012.0    1.0
DM[18]      32.55  9.3e-4   0.07  32.42  32.51  32.55   32.6  32.68 5105.0    1.0
betaP       -3.22  4.4e-4   0.04  -3.29  -3.24  -3.22  -3.19  -3.14 8024.0    1.0
M           -2.57  1.2e-3   0.09  -2.75  -2.64  -2.58  -2.51   -2.4 5886.0    1.0
betaOH       0.05  1.0e-3   0.08  -0.11-3.0e-3   0.05   0.11   0.22 6873.0    1.0
eps          0.08  2.9e-4   0.02   0.02   0.06   0.08   0.09   0.11 6108.0    1.0
lowP         0.05  4.2e-4   0.03 2.9e-3   0.04   0.06   0.07    0.1 4121.0    1.0
highP        0.03  8.8e-5   0.01   0.01   0.02   0.03   0.04   0.06  20000    1.0
betaVI       0.33  4.7e-4   0.05   0.23    0.3   0.33   0.36   0.42  10275    1.0
var1       8.3e-3  3.3e-5 4.7e-3 9.4e-4 4.7e-3 7.7e-3   0.01   0.02  20000    1.0
eps_MW       0.06  1.2e-3   0.05 6.0e-3   0.03   0.05   0.09   0.19 1822.0    1.0
dzp_MW    -2.0e-3  2.8e-4   0.03  -0.06  -0.02-2.0e-3   0.02   0.05 9837.0    1.0
pi_true[0] 2.0e-3  1.0e-6 8.2e-5 1.9e-3 2.0e-3 2.1e-3 2.1e-3 2.2e-3 6496.0    nan
pi_true[1] 2.8e-3  9.9e-7 9.2e-5 2.6e-3 2.7e-3 2.8e-3 2.8e-3 3.0e-3 8773.0    nan
pi_true[2] 3.1e-3  1.1e-6 9.3e-5 2.9e-3 3.0e-3 3.1e-3 3.1e-3 3.3e-3 7462.0    nan
pi_true[3] 2.4e-3  1.3e-6 9.8e-5 2.2e-3 2.4e-3 2.4e-3 2.5e-3 2.6e-3 5783.0    nan
pi_true[4] 2.9e-3  1.0e-6 9.6e-5 2.7e-3 2.9e-3 2.9e-3 3.0e-3 3.1e-3 8901.0    nan
pi_true[5] 2.0e-3  9.7e-7 8.8e-5 1.8e-3 2.0e-3 2.0e-3 2.1e-3 2.2e-3 8382.0    nan
pi_true[6] 3.7e-3  1.4e-6 1.1e-4 3.5e-3 3.7e-3 3.8e-3 3.8e-3 3.9e-3 6343.0    nan
pi_true[7] 2.6e-3  1.5e-6 1.1e-4 2.4e-3 2.5e-3 2.6e-3 2.6e-3 2.8e-3 4956.0    nan
pi_true[8] 1.8e-3  8.5e-7 8.7e-5 1.6e-3 1.8e-3 1.8e-3 1.8e-3 2.0e-3  10278    nan
pi_true[9] 2.3e-3  1.2e-6 1.2e-4 2.1e-3 2.2e-3 2.3e-3 2.4e-3 2.6e-3 9802.0    nan
DM_LMC      18.48  5.8e-4   0.04   18.4  18.45  18.48  18.51  18.56 4859.0    1.0
eps_LMC      0.09  9.0e-5 8.9e-3   0.08   0.09   0.09    0.1   0.11 9660.0    1.0
dzp_LMC   -3.7e-3  2.9e-4   0.03  -0.06  -0.02-3.7e-3   0.02   0.05 9756.0    1.0
DM_4258     29.41  7.4e-4   0.04  29.33  29.38  29.41  29.43  29.49 3028.0    1.0
eps_4258     0.11  5.4e-4   0.04   0.01   0.08   0.11   0.14   0.19 6534.0    1.0
lp__        97.08    0.22   7.88  81.91  91.76  96.87 102.28 112.76 1288.0    1.0

Samples were drawn using NUTS at Tue Jul 31 13:24:16 2018.
For each parameter, n_eff is a crude measure of effective sample size,
and Rhat is the potential scale reduction factor on split chains (at 
convergence, Rhat=1).